
> nusantaraya@0.1.0 lint
> eslint


E:\Otodidak IT\NUSANTARAYA\scripts\audit-routes-and-anchors.mjs
  55:9  warning  'expectedDynamic' is assigned a value but never used  @typescript-eslint/no-unused-vars
  78:9  warning  'outDir' is assigned a value but never used           @typescript-eslint/no-unused-vars

E:\Otodidak IT\NUSANTARAYA\scripts\capture-phase0-baseline.mjs
    3:21  warning  'execFileSync' is defined but never used  @typescript-eslint/no-unused-vars
  180:12  warning  'e' is defined but never used             @typescript-eslint/no-unused-vars
  189:12  warning  'e' is defined but never used             @typescript-eslint/no-unused-vars
  201:12  warning  'e' is defined but never used             @typescript-eslint/no-unused-vars
  206:12  warning  'e' is defined but never used             @typescript-eslint/no-unused-vars
  211:12  warning  'e' is defined but never used             @typescript-eslint/no-unused-vars
  225:12  warning  'e' is defined but never used             @typescript-eslint/no-unused-vars

E:\Otodidak IT\NUSANTARAYA\scripts\capture-telemetry.cjs
    1:12  error    A `require()` style import is forbidden  @typescript-eslint/no-require-imports
    2:14  error    A `require()` style import is forbidden  @typescript-eslint/no-require-imports
    3:19  error    A `require()` style import is forbidden  @typescript-eslint/no-require-imports
    4:16  error    A `require()` style import is forbidden  @typescript-eslint/no-require-imports
    5:19  error    A `require()` style import is forbidden  @typescript-eslint/no-require-imports
   42:14  warning  'e' is defined but never used            @typescript-eslint/no-unused-vars
  144:5   error    A `require()` style import is forbidden  @typescript-eslint/no-require-imports
  145:12  warning  'e' is defined but never used            @typescript-eslint/no-unused-vars

E:\Otodidak IT\NUSANTARAYA\scripts\test-route-engine.ts
  33:24  error  Unexpected any. Specify a different type  @typescript-eslint/no-explicit-any
  58:80  error  Unexpected any. Specify a different type  @typescript-eslint/no-explicit-any

E:\Otodidak IT\NUSANTARAYA\scripts\test-route-integration.ts
   9:10  warning  'ROUTE_PRESETS' is defined but never used              @typescript-eslint/no-unused-vars
   9:25  warning  'presetToRecommendation' is defined but never used     @typescript-eslint/no-unused-vars
  25:23  error    Unexpected any. Specify a different type               @typescript-eslint/no-explicit-any
  49:42  error    Unexpected any. Specify a different type               @typescript-eslint/no-explicit-any
  78:9   warning  'mockSearchParams' is assigned a value but never used  @typescript-eslint/no-unused-vars
  79:68  error    Unexpected any. Specify a different type               @typescript-eslint/no-explicit-any

E:\Otodidak IT\NUSANTARAYA\scripts\validate-assets.ts
  24:14  warning  'e' is defined but never used             @typescript-eslint/no-unused-vars
  50:22  error    Unexpected any. Specify a different type  @typescript-eslint/no-explicit-any
  51:31  error    Unexpected any. Specify a different type  @typescript-eslint/no-explicit-any
  58:20  error    Unexpected any. Specify a different type  @typescript-eslint/no-explicit-any
  59:29  error    Unexpected any. Specify a different type  @typescript-eslint/no-explicit-any

E:\Otodidak IT\NUSANTARAYA\scripts\validate-route-contracts.ts
  2:24  warning  'ProvinceId' is defined but never used  @typescript-eslint/no-unused-vars

E:\Otodidak IT\NUSANTARAYA\src\components\explore\passport-progress\NextExpeditionTicket.tsx
  1:10  warning  'scrollElementIntoView' is defined but never used  @typescript-eslint/no-unused-vars

E:\Otodidak IT\NUSANTARAYA\src\components\explore\province-summary\SummaryActions.tsx
  2:10  warning  'scrollElementIntoView' is defined but never used  @typescript-eslint/no-unused-vars

E:\Otodidak IT\NUSANTARAYA\src\components\routes\day-by-day-itinerary\DayByDayItinerarySection.tsx
   6:10  warning  'resolveRouteItinerary' is defined but never used                                                                                                                                                                                                                                                                                                                                                                                                                                                                                                                                                                                                                                                                                                                                                                                                                                                                                                                                                                                                                                                                                                                                                                                                       @typescript-eslint/no-unused-vars
   6:33  warning  'ItineraryResolution' is defined but never used                                                                                                                                                                                                                                                                                                                                                                                                                                                                                                                                                                                                                                                                                                                                                                                                                                                                                                                                                                                                                                                                                                                                                                                                         @typescript-eslint/no-unused-vars
  37:5   error    Error: Calling setState synchronously within an effect can trigger cascading renders

Effects are intended to synchronize state between React and external systems such as manually updating the DOM, state management libraries, or other platform APIs. In general, the body of an effect should do one or both of the following:
* Update external systems with the latest state from React.
* Subscribe for updates from some external system, calling setState in a callback function when external state changes.

Calling setState synchronously within an effect body causes cascading renders that can hurt performance, and is not recommended. (https://react.dev/learn/you-might-not-need-an-effect).

E:\Otodidak IT\NUSANTARAYA\src\components\routes\day-by-day-itinerary\DayByDayItinerarySection.tsx:37:5
  35 |
  36 |   useEffect(() => {
> 37 |     setActiveDay(1);
     |     ^^^^^^^^^^^^ Avoid calling setState() directly within an effect
  38 |   }, [activeRouteKey]);
  39 |
  40 |   useEffect(() => {                                                                                                                                                                                                                    react-hooks/set-state-in-effect
  42:7   error    Error: Calling setState synchronously within an effect can trigger cascading renders

Effects are intended to synchronize state between React and external systems such as manually updating the DOM, state management libraries, or other platform APIs. In general, the body of an effect should do one or both of the following:
* Update external systems with the latest state from React.
* Subscribe for updates from some external system, calling setState in a callback function when external state changes.

Calling setState synchronously within an effect body causes cascading renders that can hurt performance, and is not recommended. (https://react.dev/learn/you-might-not-need-an-effect).

E:\Otodidak IT\NUSANTARAYA\src\components\routes\day-by-day-itinerary\DayByDayItinerarySection.tsx:42:7
  40 |   useEffect(() => {
  41 |     if (externalActiveDay && externalActiveDay >= 1) {
> 42 |       setActiveDay(externalActiveDay);
     |       ^^^^^^^^^^^^ Avoid calling setState() directly within an effect
  43 |       setTimeout(() => {
  44 |         const dayEl = document.getElementById(`itinerary-day-${externalActiveDay}`);
  45 |         if (dayEl) scrollElementIntoView(dayEl, { block: "start" });  react-hooks/set-state-in-effect

E:\Otodidak IT\NUSANTARAYA\src\components\routes\day-by-day-itinerary\ItineraryDayCard.tsx
    8:55  warning  'BookOpen' is defined but never used                  @typescript-eslint/no-unused-vars
   23:9   warning  'handleOpenAtlas' is assigned a value but never used  @typescript-eslint/no-unused-vars
  110:45  warning  'idx' is defined but never used                       @typescript-eslint/no-unused-vars

E:\Otodidak IT\NUSANTARAYA\src\components\routes\day-by-day-itinerary\ItinerarySectionHeader.tsx
  3:42  warning  'durationDays' is defined but never used  @typescript-eslint/no-unused-vars

E:\Otodidak IT\NUSANTARAYA\src\components\routes\route-map-transport\AccessibleRouteList.tsx
  15:10  warning  'MapPin' is defined but never used  @typescript-eslint/no-unused-vars

E:\Otodidak IT\NUSANTARAYA\src\components\routes\route-map-transport\RouteMapTransportSection.tsx
   39:10  warning  'useSearchParams' is defined but never used                                                                                                                                                                                                                                                                                                                                                                                                                                                                                                                                                                                                                                                                                                                                                                                                                                                                                                                                                                                                                                                                @typescript-eslint/no-unused-vars
   39:27  warning  'useRouter' is defined but never used                                                                                                                                                                                                                                                                                                                                                                                                                                                                                                                                                                                                                                                                                                                                                                                                                                                                                                                                                                                                                                                                      @typescript-eslint/no-unused-vars
   47:10  warning  'clsx' is defined but never used                                                                                                                                                                                                                                                                                                                                                                                                                                                                                                                                                                                                                                                                                                                                                                                                                                                                                                                                                                                                                                                                           @typescript-eslint/no-unused-vars
   50:15  warning  'RouteItinerary' is defined but never used                                                                                                                                                                                                                                                                                                                                                                                                                                                                                                                                                                                                                                                                                                                                                                                                                                                                                                                                                                                                                                                                 @typescript-eslint/no-unused-vars
   54:3   warning  'RouteMapStop' is defined but never used                                                                                                                                                                                                                                                                                                                                                                                                                                                                                                                                                                                                                                                                                                                                                                                                                                                                                                                                                                                                                                                                   @typescript-eslint/no-unused-vars
   55:3   warning  'RouteMapSegment' is defined but never used                                                                                                                                                                                                                                                                                                                                                                                                                                                                                                                                                                                                                                                                                                                                                                                                                                                                                                                                                                                                                                                                @typescript-eslint/no-unused-vars
   60:10  warning  'resolveRouteMap' is defined but never used                                                                                                                                                                                                                                                                                                                                                                                                                                                                                                                                                                                                                                                                                                                                                                                                                                                                                                                                                                                                                                                                @typescript-eslint/no-unused-vars
   60:27  warning  'getSchematicPosition' is defined but never used                                                                                                                                                                                                                                                                                                                                                                                                                                                                                                                                                                                                                                                                                                                                                                                                                                                                                                                                                                                                                                                           @typescript-eslint/no-unused-vars
   61:10  warning  'validateMapSelection' is defined but never used                                                                                                                                                                                                                                                                                                                                                                                                                                                                                                                                                                                                                                                                                                                                                                                                                                                                                                                                                                                                                                                           @typescript-eslint/no-unused-vars
   62:10  warning  'ROUTE_MAP_STOP_DATA' is defined but never used                                                                                                                                                                                                                                                                                                                                                                                                                                                                                                                                                                                                                                                                                                                                                                                                                                                                                                                                                                                                                                                            @typescript-eslint/no-unused-vars
  117:11  warning  'mode' is assigned a value but never used                                                                                                                                                                                                                                                                                                                                                                                                                                                                                                                                                                                                                                                                                                                                                                                                                                                                                                                                                                                                                                                                  @typescript-eslint/no-unused-vars
  128:5   error    Error: Calling setState synchronously within an effect can trigger cascading renders

Effects are intended to synchronize state between React and external systems such as manually updating the DOM, state management libraries, or other platform APIs. In general, the body of an effect should do one or both of the following:
* Update external systems with the latest state from React.
* Subscribe for updates from some external system, calling setState in a callback function when external state changes.

Calling setState synchronously within an effect body causes cascading renders that can hurt performance, and is not recommended. (https://react.dev/learn/you-might-not-need-an-effect).

E:\Otodidak IT\NUSANTARAYA\src\components\routes\route-map-transport\RouteMapTransportSection.tsx:128:5
  126 |
  127 |   useEffect(() => {
> 128 |     setSelection(null);
      |     ^^^^^^^^^^^^ Avoid calling setState() directly within an effect
  129 |   }, [activeRouteKey]);
  130 |
  131 |   // ΓöÇΓöÇΓöÇ Apply external day selection from itinerary ΓöÇΓöÇΓöÇΓöÇΓöÇΓöÇΓöÇΓöÇΓöÇΓöÇΓöÇΓöÇΓöÇΓöÇΓöÇΓöÇΓöÇΓöÇΓöÇΓöÇΓöÇΓöÇΓöÇΓöÇΓöÇ  react-hooks/set-state-in-effect
  147:5   error    Error: Calling setState synchronously within an effect can trigger cascading renders

Effects are intended to synchronize state between React and external systems such as manually updating the DOM, state management libraries, or other platform APIs. In general, the body of an effect should do one or both of the following:
* Update external systems with the latest state from React.
* Subscribe for updates from some external system, calling setState in a callback function when external state changes.

Calling setState synchronously within an effect body causes cascading renders that can hurt performance, and is not recommended. (https://react.dev/learn/you-might-not-need-an-effect).

E:\Otodidak IT\NUSANTARAYA\src\components\routes\route-map-transport\RouteMapTransportSection.tsx:147:5
  145 |     };
  146 |
> 147 |     setSelection(sel);
      |     ^^^^^^^^^^^^ Avoid calling setState() directly within an effect
  148 |
  149 |     // Scroll to map section
  150 |     const mapSection = document.getElementById("route-map-transport-summary");           react-hooks/set-state-in-effect

E:\Otodidak IT\NUSANTARAYA\src\components\routes\route-map-transport\TransportSummaryPanel.tsx
  12:10  warning  'motion' is defined but never used  @typescript-eslint/no-unused-vars

E:\Otodidak IT\NUSANTARAYA\src\components\routes\route-planner-form\RouteAtelier.tsx
  52:28  warning  'setPrefillMessage' is assigned a value but never used  @typescript-eslint/no-unused-vars

E:\Otodidak IT\NUSANTARAYA\src\components\routes\route-planner-form\StepNavigation.tsx
  18:3  warning  'onSubmit' is defined but never used  @typescript-eslint/no-unused-vars

E:\Otodidak IT\NUSANTARAYA\src\components\routes\route-readiness\ChecklistModule.tsx
  23:7  error    Error: Calling setState synchronously within an effect can trigger cascading renders

Effects are intended to synchronize state between React and external systems such as manually updating the DOM, state management libraries, or other platform APIs. In general, the body of an effect should do one or both of the following:
* Update external systems with the latest state from React.
* Subscribe for updates from some external system, calling setState in a callback function when external state changes.

Calling setState synchronously within an effect body causes cascading renders that can hurt performance, and is not recommended. (https://react.dev/learn/you-might-not-need-an-effect).

E:\Otodidak IT\NUSANTARAYA\src\components\routes\route-readiness\ChecklistModule.tsx:23:7
  21 |     const saved = loadChecklistProgress(template.routeId, template.routeVersion, template.itineraryVersion);
  22 |     if (saved && saved.templateVersion === template.version) {
> 23 |       setCompletedIds(new Set(saved.completedItemIds));
     |       ^^^^^^^^^^^^^^^ Avoid calling setState() directly within an effect
  24 |     }
  25 |     setMounted(true);
  26 |   }, [template.routeId, template.version]);  react-hooks/set-state-in-effect
  26:6  warning  React Hook useEffect has missing dependencies: 'template.itineraryVersion' and 'template.routeVersion'. Either include them or remove the dependency array                                                                                                                                                                                                                                                                                                                                                                                                                                                                                                                                                                                                                                                                                                                                                                                                                                                                                                                                                                                                                                                                                          react-hooks/exhaustive-deps
  74:6  warning  React Hook useMemo has a missing dependency: 'template'. Either include it or remove the dependency array                                                                                                                                                                                                                                                                                                                                                                                                                                                                                                                                                                                                                                                                                                                                                                                                                                                                                                                                                                                                                                                                                                                                           react-hooks/exhaustive-deps

E:\Otodidak IT\NUSANTARAYA\src\components\routes\route-readiness\RouteReadinessSection.tsx
   4:10  warning  'useMemo' is defined but never used          @typescript-eslint/no-unused-vars
  25:9   warning  'locale' is assigned a value but never used  @typescript-eslint/no-unused-vars

E:\Otodidak IT\NUSANTARAYA\src\components\routes\route-result\RouteRecommendationResultSection.tsx
   64:26  error  Unexpected any. Specify a different type                                                                                                                                                                                                                                                                                                                                                                                                                                                                                                                                                                                                                                                                                                                                                                                                                                                                                                                                                                                                                                                                                                       @typescript-eslint/no-explicit-any
  126:5   error  Error: Calling setState synchronously within an effect can trigger cascading renders

Effects are intended to synchronize state between React and external systems such as manually updating the DOM, state management libraries, or other platform APIs. In general, the body of an effect should do one or both of the following:
* Update external systems with the latest state from React.
* Subscribe for updates from some external system, calling setState in a callback function when external state changes.

Calling setState synchronously within an effect body causes cascading renders that can hurt performance, and is not recommended. (https://react.dev/learn/you-might-not-need-an-effect).

E:\Otodidak IT\NUSANTARAYA\src\components\routes\route-result\RouteRecommendationResultSection.tsx:126:5
  124 |   // Reset section 6 state when result changes
  125 |   useEffect(() => {
> 126 |     setMapExternalSelection(null);
      |     ^^^^^^^^^^^^^^^^^^^^^^^ Avoid calling setState() directly within an effect
  127 |     setItineraryExternalDay(null);
  128 |   }, [workspace.activeRouteKey]);
  129 |  react-hooks/set-state-in-effect

E:\Otodidak IT\NUSANTARAYA\src\components\routes\route-save-rani\PassportSaveLane.tsx
  28:17  error  Unexpected any. Specify a different type  @typescript-eslint/no-explicit-any

E:\Otodidak IT\NUSANTARAYA\src\components\routes\route-save-rani\RaniAdjustmentLane.tsx
  64:14  warning  'error' is defined but never used  @typescript-eslint/no-unused-vars

E:\Otodidak IT\NUSANTARAYA\src\components\routes\route-save-rani\RouteAdjustmentDiff.tsx
  1:32  warning  'RouteAdjustmentChange' is defined but never used  @typescript-eslint/no-unused-vars

E:\Otodidak IT\NUSANTARAYA\src\components\routes\route-save-rani\RouteSaveRaniSection.tsx
  2:10  warning  'useMemo' is defined but never used                 @typescript-eslint/no-unused-vars
  5:23  warning  'usePassport' is defined but never used             @typescript-eslint/no-unused-vars
  6:10  warning  'buildRouteSaveSnapshot' is defined but never used  @typescript-eslint/no-unused-vars

E:\Otodidak IT\NUSANTARAYA\src\components\system\WebVitalsMonitor.tsx
  6:23  warning  'metric' is defined but never used  @typescript-eslint/no-unused-vars

E:\Otodidak IT\NUSANTARAYA\src\lib\errorMonitor.ts
  1:71  error  Unexpected any. Specify a different type  @typescript-eslint/no-explicit-any

E:\Otodidak IT\NUSANTARAYA\src\lib\routes\buildProvinceAtlasHref.ts
  15:12  warning  'e' is defined but never used  @typescript-eslint/no-unused-vars

E:\Otodidak IT\NUSANTARAYA\src\lib\routes\mapJourneyToPlannerValues.ts
  2:34  warning  'RouteDuration' is defined but never used             @typescript-eslint/no-unused-vars
  3:32  warning  'ROUTE_PLANNER_REGION_IDS' is defined but never used  @typescript-eslint/no-unused-vars

E:\Otodidak IT\NUSANTARAYA\src\lib\routes\map\mapRouteToViewModel.ts
   18:3  warning  'MapGeometryConfidence' is defined but never used             @typescript-eslint/no-unused-vars
  102:9  warning  'validatedTransportCount' is assigned a value but never used  @typescript-eslint/no-unused-vars
  189:3  warning  'segments' is defined but never used                          @typescript-eslint/no-unused-vars
  190:3  warning  'locale' is defined but never used                            @typescript-eslint/no-unused-vars

E:\Otodidak IT\NUSANTARAYA\src\lib\routes\map\resolveRouteMap.ts
  25:10  warning  'deriveGeometryConfidence' is defined but never used  @typescript-eslint/no-unused-vars

E:\Otodidak IT\NUSANTARAYA\src\lib\routes\matchRoutePreset.ts
  5:3  warning  'RouteDuration' is defined but never used  @typescript-eslint/no-unused-vars

E:\Otodidak IT\NUSANTARAYA\src\lib\routes\navigateToRouteSection.ts
  1:10  warning  'scrollElementIntoView' is defined but never used  @typescript-eslint/no-unused-vars

E:\Otodidak IT\NUSANTARAYA\src\lib\routes\readiness\resolveRouteCulinary.ts
  48:3  warning  'itinerary' is defined but never used  @typescript-eslint/no-unused-vars

E:\Otodidak IT\NUSANTARAYA\src\lib\routes\routeAdaptationPolicy.ts
  2:15  warning  'RouteDuration' is defined but never used  @typescript-eslint/no-unused-vars

E:\Otodidak IT\NUSANTARAYA\src\lib\routes\save-rani\buildRouteSaveSnapshot.ts
  4:10  warning  'RouteItinerary' is defined but never used  @typescript-eslint/no-unused-vars

E:\Otodidak IT\NUSANTARAYA\src\lib\routes\save-rani\resolveRouteAdjustment.ts
  35:3  warning  'values' is defined but never used  @typescript-eslint/no-unused-vars
  36:3  warning  'locale' is defined but never used  @typescript-eslint/no-unused-vars

Γ£û 88 problems (24 errors, 64 warnings)

